WARNING: Position senador de Argentina (Q18711738) not in boundary associated_wikidata_positions
WARNING: the district Provincia de Corrientes (Q44758) wasn't found in the boundary data for position senador de Argentina (Q18711738)
WARNING: the district Provincia de Misiones (Q44798) wasn't found in the boundary data for position senador de Argentina (Q18711738)
WARNING: the district Provincia de Río Negro (Q44802) wasn't found in the boundary data for position senador de Argentina (Q18711738)
WARNING: the district Provincia de Salta (Q44803) wasn't found in the boundary data for position senador de Argentina (Q18711738)
WARNING: the district Provincia de Santa Fe (Q44823) wasn't found in the boundary data for position senador de Argentina (Q18711738)
WARNING: the district Provincia de La Rioja (Q44796) wasn't found in the boundary data for position senador de Argentina (Q18711738)
WARNING: the district Provincia del Chaco (Q44757) wasn't found in the boundary data for position senador de Argentina (Q18711738)
WARNING: the district Provincia de Neuquén (Q44800) wasn't found in the boundary data for position senador de Argentina (Q18711738)
WARNING: the district Provincia de Santiago del Estero (Q44827) wasn't found in the boundary data for position senador de Argentina (Q18711738)
WARNING: the district Provincia de Tucumán (Q44829) wasn't found in the boundary data for position senador de Argentina (Q18711738)
WARNING: the district Provincia de Catamarca (Q44756) wasn't found in the boundary data for position senador de Argentina (Q18711738)
WARNING: the district Provincia de Salta (Q44803) wasn't found in the boundary data for position senador de Argentina (Q18711738)
WARNING: the district Entre Ríos (Q44762) wasn't found in the boundary data for position senador de Argentina (Q18711738)
WARNING: the district Provincia de Neuquén (Q44800) wasn't found in the boundary data for position senador de Argentina (Q18711738)
WARNING: the district Provincia de Río Negro (Q44802) wasn't found in the boundary data for position senador de Argentina (Q18711738)
WARNING: the district Buenos Aires (Q44754) wasn't found in the boundary data for position senador de Argentina (Q18711738)
WARNING: the district Provincia de Santa Fe (Q44823) wasn't found in the boundary data for position senador de Argentina (Q18711738)
WARNING: the district Provincia de Jujuy (Q44764) wasn't found in the boundary data for position senador de Argentina (Q18711738)
WARNING: the district Provincia de Jujuy (Q44764) wasn't found in the boundary data for position senador de Argentina (Q18711738)
WARNING: the district Provincia de Córdoba (Q44759) wasn't found in the boundary data for position senador de Argentina (Q18711738)
WARNING: the district Buenos Aires (Q1486) wasn't found in the boundary data for position senador de Argentina (Q18711738)
WARNING: the district Provincia de Santa Fe (Q44823) wasn't found in the boundary data for position senador de Argentina (Q18711738)
WARNING: the district Provincia de Córdoba (Q44759) wasn't found in the boundary data for position senador de Argentina (Q18711738)
WARNING: the district Provincia de San Luis (Q44818) wasn't found in the boundary data for position senador de Argentina (Q18711738)
WARNING: the district Provincia de Tucumán (Q44829) wasn't found in the boundary data for position senador de Argentina (Q18711738)
WARNING: the district Provincia de Córdoba (Q44759) wasn't found in the boundary data for position senador de Argentina (Q18711738)
WARNING: the district Provincia de Jujuy (Q44764) wasn't found in the boundary data for position senador de Argentina (Q18711738)
WARNING: the district Provincia de Corrientes (Q44758) wasn't found in the boundary data for position senador de Argentina (Q18711738)
WARNING: the district Mendoza (Q44797) wasn't found in the boundary data for position senador de Argentina (Q18711738)
WARNING: the district Provincia de Tucumán (Q44829) wasn't found in the boundary data for position senador de Argentina (Q18711738)
WARNING: the district Provincia de Catamarca (Q44756) wasn't found in the boundary data for position senador de Argentina (Q18711738)
WARNING: the district Provincia de La Pampa (Q44795) wasn't found in the boundary data for position senador de Argentina (Q18711738)
WARNING: the district Provincia de Tierra del Fuego, Antártida e islas del Atlántico Sur (Q44832) wasn't found in the boundary data for position senador de Argentina (Q18711738)
WARNING: the district Provincia del Chubut (Q45007) wasn't found in the boundary data for position senador de Argentina (Q18711738)
WARNING: the district Provincia de Formosa (Q44761) wasn't found in the boundary data for position senador de Argentina (Q18711738)
WARNING: the district Provincia del Chubut (Q45007) wasn't found in the boundary data for position senador de Argentina (Q18711738)
WARNING: the district Provincia de La Pampa (Q44795) wasn't found in the boundary data for position senador de Argentina (Q18711738)
WARNING: the district Provincia de Jujuy (Q44764) wasn't found in the boundary data for position senador de Argentina (Q18711738)
WARNING: the district Mendoza (Q44797) wasn't found in the boundary data for position senador de Argentina (Q18711738)
WARNING: the district Provincia del Chubut (Q45007) wasn't found in the boundary data for position senador de Argentina (Q18711738)
WARNING: the district Provincia de Tierra del Fuego, Antártida e islas del Atlántico Sur (Q44832) wasn't found in the boundary data for position senador de Argentina (Q18711738)
WARNING: the district Mendoza (Q44797) wasn't found in the boundary data for position senador de Argentina (Q18711738)
WARNING: the district Provincia de Santiago del Estero (Q44827) wasn't found in the boundary data for position senador de Argentina (Q18711738)
WARNING: the district Provincia de San Juan (Q44805) wasn't found in the boundary data for position senador de Argentina (Q18711738)
WARNING: the district Provincia de San Juan (Q44805) wasn't found in the boundary data for position senador de Argentina (Q18711738)
WARNING: the district Provincia de San Luis (Q44818) wasn't found in the boundary data for position senador de Argentina (Q18711738)
WARNING: the district Provincia de Santa Cruz (Q44821) wasn't found in the boundary data for position senador de Argentina (Q18711738)
WARNING: the district Provincia de Santa Cruz (Q44821) wasn't found in the boundary data for position senador de Argentina (Q18711738)
WARNING: the district Provincia de Misiones (Q44798) wasn't found in the boundary data for position senador de Argentina (Q18711738)
WARNING: the district Provincia de Santiago del Estero (Q44827) wasn't found in the boundary data for position senador de Argentina (Q18711738)
WARNING: the district Provincia de Misiones (Q44798) wasn't found in the boundary data for position senador de Argentina (Q18711738)
WARNING: the district Provincia de San Luis (Q44818) wasn't found in the boundary data for position senador de Argentina (Q18711738)
WARNING: the district Buenos Aires (Q1486) wasn't found in the boundary data for position senador de Argentina (Q18711738)
WARNING: the district Buenos Aires (Q44754) wasn't found in the boundary data for position senador de Argentina (Q18711738)
WARNING: the district Provincia de Santa Cruz (Q44821) wasn't found in the boundary data for position senador de Argentina (Q18711738)
WARNING: the district Buenos Aires (Q1486) wasn't found in the boundary data for position senador de Argentina (Q18711738)
WARNING: the district Provincia del Chaco (Q44757) wasn't found in the boundary data for position senador de Argentina (Q18711738)
WARNING: the district Provincia de La Pampa (Q44795) wasn't found in the boundary data for position senador de Argentina (Q18711738)
WARNING: the district Provincia de La Pampa (Q44795) wasn't found in the boundary data for position senador de Argentina (Q18711738)
WARNING: the district Provincia de Tierra del Fuego, Antártida e islas del Atlántico Sur (Q44832) wasn't found in the boundary data for position senador de Argentina (Q18711738)
WARNING: the district Provincia de Neuquén (Q44800) wasn't found in the boundary data for position senador de Argentina (Q18711738)
WARNING: the district Provincia del Chaco (Q44757) wasn't found in the boundary data for position senador de Argentina (Q18711738)
WARNING: the district Provincia de La Rioja (Q44796) wasn't found in the boundary data for position senador de Argentina (Q18711738)
WARNING: the district Provincia de Corrientes (Q44758) wasn't found in the boundary data for position senador de Argentina (Q18711738)
WARNING: the district Entre Ríos (Q44762) wasn't found in the boundary data for position senador de Argentina (Q18711738)
WARNING: the district Provincia de Formosa (Q44761) wasn't found in the boundary data for position senador de Argentina (Q18711738)
WARNING: the district Provincia de Salta (Q44803) wasn't found in the boundary data for position senador de Argentina (Q18711738)
WARNING: the district Provincia de Formosa (Q44761) wasn't found in the boundary data for position senador de Argentina (Q18711738)
WARNING: the district Provincia de Catamarca (Q44756) wasn't found in the boundary data for position senador de Argentina (Q18711738)
WARNING: the district Provincia de San Juan (Q44805) wasn't found in the boundary data for position senador de Argentina (Q18711738)
WARNING: the district Entre Ríos (Q44762) wasn't found in the boundary data for position senador de Argentina (Q18711738)
WARNING: the district Provincia de Río Negro (Q44802) wasn't found in the boundary data for position senador de Argentina (Q18711738)
WARNING: the district Buenos Aires (Q44754) wasn't found in the boundary data for position senador de Argentina (Q18711738)
WARNING: Position Legislador de la Ciudad de Buenos Aires (Q41794659) not in boundary associated_wikidata_positions
WARNING: the district Buenos Aires (Q1486) wasn't found in the boundary data for position Legislador de la Ciudad de Buenos Aires (Q41794659)
WARNING: Position diputado de Argentina (Q18229570) not in boundary associated_wikidata_positions
WARNING: the district Buenos Aires (Q44754) wasn't found in the boundary data for position diputado de Argentina (Q18229570)
WARNING: the district Buenos Aires (Q44754) wasn't found in the boundary data for position diputado de Argentina (Q18229570)
WARNING: the district Buenos Aires (Q44754) wasn't found in the boundary data for position diputado de Argentina (Q18229570)
WARNING: the district Buenos Aires (Q44754) wasn't found in the boundary data for position diputado de Argentina (Q18229570)
WARNING: the district Buenos Aires (Q44754) wasn't found in the boundary data for position diputado de Argentina (Q18229570)
WARNING: the district Provincia de Salta (Q44803) wasn't found in the boundary data for position diputado de Argentina (Q18229570)
WARNING: the district Provincia de Santa Cruz (Q44821) wasn't found in the boundary data for position diputado de Argentina (Q18229570)
WARNING: the district Provincia de Santiago del Estero (Q44827) wasn't found in the boundary data for position diputado de Argentina (Q18229570)
WARNING: the district Buenos Aires (Q44754) wasn't found in the boundary data for position diputado de Argentina (Q18229570)
WARNING: the district Provincia de Santiago del Estero (Q44827) wasn't found in the boundary data for position diputado de Argentina (Q18229570)
WARNING: the district Provincia de Santa Fe (Q44823) wasn't found in the boundary data for position diputado de Argentina (Q18229570)
WARNING: the district Provincia de Córdoba (Q44759) wasn't found in the boundary data for position diputado de Argentina (Q18229570)
WARNING: the district Buenos Aires (Q44754) wasn't found in the boundary data for position diputado de Argentina (Q18229570)
WARNING: the district Buenos Aires (Q44754) wasn't found in the boundary data for position diputado de Argentina (Q18229570)
WARNING: the district Buenos Aires (Q1486) wasn't found in the boundary data for position diputado de Argentina (Q18229570)
WARNING: the district Buenos Aires (Q44754) wasn't found in the boundary data for position diputado de Argentina (Q18229570)
WARNING: the district Buenos Aires (Q1486) wasn't found in the boundary data for position diputado de Argentina (Q18229570)
WARNING: the district Provincia de Santa Fe (Q44823) wasn't found in the boundary data for position diputado de Argentina (Q18229570)
WARNING: the district Provincia de Salta (Q44803) wasn't found in the boundary data for position diputado de Argentina (Q18229570)
WARNING: the district Provincia de San Juan (Q44805) wasn't found in the boundary data for position diputado de Argentina (Q18229570)
WARNING: the district Provincia de Salta (Q44803) wasn't found in the boundary data for position diputado de Argentina (Q18229570)
WARNING: the district Buenos Aires (Q44754) wasn't found in the boundary data for position diputado de Argentina (Q18229570)
WARNING: the district Entre Ríos (Q44762) wasn't found in the boundary data for position diputado de Argentina (Q18229570)
WARNING: the district Provincia de Tucumán (Q44829) wasn't found in the boundary data for position diputado de Argentina (Q18229570)
WARNING: the district Provincia de Neuquén (Q44800) wasn't found in the boundary data for position diputado de Argentina (Q18229570)
WARNING: the district Provincia de Córdoba (Q44759) wasn't found in the boundary data for position diputado de Argentina (Q18229570)
WARNING: the district Provincia de Salta (Q44803) wasn't found in the boundary data for position diputado de Argentina (Q18229570)
WARNING: the district Buenos Aires (Q44754) wasn't found in the boundary data for position diputado de Argentina (Q18229570)
WARNING: the district Buenos Aires (Q1486) wasn't found in the boundary data for position diputado de Argentina (Q18229570)
WARNING: the district Buenos Aires (Q44754) wasn't found in the boundary data for position diputado de Argentina (Q18229570)
WARNING: the district Buenos Aires (Q44754) wasn't found in the boundary data for position diputado de Argentina (Q18229570)
WARNING: the district Mendoza (Q44797) wasn't found in the boundary data for position diputado de Argentina (Q18229570)
WARNING: the district Buenos Aires (Q44754) wasn't found in the boundary data for position diputado de Argentina (Q18229570)
WARNING: the district Provincia de San Luis (Q44818) wasn't found in the boundary data for position diputado de Argentina (Q18229570)
WARNING: the district Mendoza (Q44797) wasn't found in the boundary data for position diputado de Argentina (Q18229570)
WARNING: the district Provincia de Misiones (Q44798) wasn't found in the boundary data for position diputado de Argentina (Q18229570)
WARNING: the district Provincia de Jujuy (Q44764) wasn't found in the boundary data for position diputado de Argentina (Q18229570)
WARNING: the district Mendoza (Q44797) wasn't found in the boundary data for position diputado de Argentina (Q18229570)
WARNING: the district Provincia de Tierra del Fuego, Antártida e islas del Atlántico Sur (Q44832) wasn't found in the boundary data for position diputado de Argentina (Q18229570)
WARNING: the district Provincia de Córdoba (Q44759) wasn't found in the boundary data for position diputado de Argentina (Q18229570)
WARNING: the district Provincia de San Juan (Q44805) wasn't found in the boundary data for position diputado de Argentina (Q18229570)
WARNING: the district Provincia de San Juan (Q44805) wasn't found in the boundary data for position diputado de Argentina (Q18229570)
WARNING: the district Provincia de Santa Fe (Q44823) wasn't found in the boundary data for position diputado de Argentina (Q18229570)
WARNING: the district Provincia de Santa Fe (Q44823) wasn't found in the boundary data for position diputado de Argentina (Q18229570)
WARNING: the district Provincia de Misiones (Q44798) wasn't found in the boundary data for position diputado de Argentina (Q18229570)
WARNING: the district Provincia de Corrientes (Q44758) wasn't found in the boundary data for position diputado de Argentina (Q18229570)
WARNING: the district Provincia de Río Negro (Q44802) wasn't found in the boundary data for position diputado de Argentina (Q18229570)
WARNING: the district Buenos Aires (Q44754) wasn't found in the boundary data for position diputado de Argentina (Q18229570)
WARNING: the district Provincia de Córdoba (Q44759) wasn't found in the boundary data for position diputado de Argentina (Q18229570)
WARNING: the district Provincia de Corrientes (Q44758) wasn't found in the boundary data for position diputado de Argentina (Q18229570)
WARNING: the district Provincia de Santa Fe (Q44823) wasn't found in the boundary data for position diputado de Argentina (Q18229570)
WARNING: the district Provincia de Misiones (Q44798) wasn't found in the boundary data for position diputado de Argentina (Q18229570)
WARNING: the district Buenos Aires (Q44754) wasn't found in the boundary data for position diputado de Argentina (Q18229570)
WARNING: the district Entre Ríos (Q44762) wasn't found in the boundary data for position diputado de Argentina (Q18229570)
WARNING: the district Provincia del Chaco (Q44757) wasn't found in the boundary data for position diputado de Argentina (Q18229570)
WARNING: the district Buenos Aires (Q1486) wasn't found in the boundary data for position diputado de Argentina (Q18229570)
WARNING: the district Buenos Aires (Q44754) wasn't found in the boundary data for position diputado de Argentina (Q18229570)
WARNING: the district Provincia de Santa Fe (Q44823) wasn't found in the boundary data for position diputado de Argentina (Q18229570)
WARNING: the district Buenos Aires (Q44754) wasn't found in the boundary data for position diputado de Argentina (Q18229570)
WARNING: the district Buenos Aires (Q44754) wasn't found in the boundary data for position diputado de Argentina (Q18229570)
WARNING: the district Provincia de Formosa (Q44761) wasn't found in the boundary data for position diputado de Argentina (Q18229570)
WARNING: the district Buenos Aires (Q1486) wasn't found in the boundary data for position diputado de Argentina (Q18229570)
WARNING: the district Entre Ríos (Q44762) wasn't found in the boundary data for position diputado de Argentina (Q18229570)
WARNING: the district Provincia del Chubut (Q45007) wasn't found in the boundary data for position diputado de Argentina (Q18229570)
WARNING: the district Provincia de Santa Fe (Q44823) wasn't found in the boundary data for position diputado de Argentina (Q18229570)
WARNING: the district Provincia de La Pampa (Q44795) wasn't found in the boundary data for position diputado de Argentina (Q18229570)
WARNING: the district Provincia de Santa Fe (Q44823) wasn't found in the boundary data for position diputado de Argentina (Q18229570)
WARNING: the district Buenos Aires (Q1486) wasn't found in the boundary data for position diputado de Argentina (Q18229570)
WARNING: the district Buenos Aires (Q44754) wasn't found in the boundary data for position diputado de Argentina (Q18229570)
WARNING: the district Provincia del Chubut (Q45007) wasn't found in the boundary data for position diputado de Argentina (Q18229570)
WARNING: the district Provincia de Neuquén (Q44800) wasn't found in the boundary data for position diputado de Argentina (Q18229570)
WARNING: the district Buenos Aires (Q44754) wasn't found in the boundary data for position diputado de Argentina (Q18229570)
WARNING: the district Provincia de Formosa (Q44761) wasn't found in the boundary data for position diputado de Argentina (Q18229570)
WARNING: the district Provincia de Corrientes (Q44758) wasn't found in the boundary data for position diputado de Argentina (Q18229570)
WARNING: the district Provincia de Santa Fe (Q44823) wasn't found in the boundary data for position diputado de Argentina (Q18229570)
WARNING: the district Provincia de Jujuy (Q44764) wasn't found in the boundary data for position diputado de Argentina (Q18229570)
WARNING: the district Provincia de Córdoba (Q44759) wasn't found in the boundary data for position diputado de Argentina (Q18229570)
WARNING: the district Provincia del Chaco (Q44757) wasn't found in the boundary data for position diputado de Argentina (Q18229570)
WARNING: the district Provincia de Santa Fe (Q44823) wasn't found in the boundary data for position diputado de Argentina (Q18229570)
WARNING: the district Provincia de Córdoba (Q44759) wasn't found in the boundary data for position diputado de Argentina (Q18229570)
WARNING: the district Buenos Aires (Q44754) wasn't found in the boundary data for position diputado de Argentina (Q18229570)
WARNING: the district Provincia de Catamarca (Q44756) wasn't found in the boundary data for position diputado de Argentina (Q18229570)
WARNING: the district Provincia de Córdoba (Q44759) wasn't found in the boundary data for position diputado de Argentina (Q18229570)
WARNING: the district Mendoza (Q44797) wasn't found in the boundary data for position diputado de Argentina (Q18229570)
WARNING: the district Provincia de La Rioja (Q44796) wasn't found in the boundary data for position diputado de Argentina (Q18229570)
WARNING: the district Entre Ríos (Q44762) wasn't found in the boundary data for position diputado de Argentina (Q18229570)
WARNING: the district Provincia de Santiago del Estero (Q44827) wasn't found in the boundary data for position diputado de Argentina (Q18229570)
WARNING: the district Buenos Aires (Q44754) wasn't found in the boundary data for position diputado de Argentina (Q18229570)
WARNING: the district Provincia de Salta (Q44803) wasn't found in the boundary data for position diputado de Argentina (Q18229570)
WARNING: the district Provincia de Santiago del Estero (Q44827) wasn't found in the boundary data for position diputado de Argentina (Q18229570)
WARNING: the district Provincia de Córdoba (Q44759) wasn't found in the boundary data for position diputado de Argentina (Q18229570)
WARNING: the district Provincia de Santa Fe (Q44823) wasn't found in the boundary data for position diputado de Argentina (Q18229570)
WARNING: the district Provincia de La Rioja (Q44796) wasn't found in the boundary data for position diputado de Argentina (Q18229570)
WARNING: the district Provincia de Tucumán (Q44829) wasn't found in the boundary data for position diputado de Argentina (Q18229570)
WARNING: the district Buenos Aires (Q44754) wasn't found in the boundary data for position diputado de Argentina (Q18229570)
WARNING: the district Provincia de Misiones (Q44798) wasn't found in the boundary data for position diputado de Argentina (Q18229570)
WARNING: the district Provincia de Santiago del Estero (Q44827) wasn't found in the boundary data for position diputado de Argentina (Q18229570)
WARNING: the district Provincia de Córdoba (Q44759) wasn't found in the boundary data for position diputado de Argentina (Q18229570)
WARNING: the district Provincia de Tierra del Fuego, Antártida e islas del Atlántico Sur (Q44832) wasn't found in the boundary data for position diputado de Argentina (Q18229570)
WARNING: the district Buenos Aires (Q44754) wasn't found in the boundary data for position diputado de Argentina (Q18229570)
WARNING: the district Mendoza (Q44797) wasn't found in the boundary data for position diputado de Argentina (Q18229570)
WARNING: the district Buenos Aires (Q1486) wasn't found in the boundary data for position diputado de Argentina (Q18229570)
WARNING: the district Provincia de Córdoba (Q44759) wasn't found in the boundary data for position diputado de Argentina (Q18229570)
WARNING: the district Provincia del Chaco (Q44757) wasn't found in the boundary data for position diputado de Argentina (Q18229570)
WARNING: the district Buenos Aires (Q44754) wasn't found in the boundary data for position diputado de Argentina (Q18229570)
WARNING: the district Provincia de San Luis (Q44818) wasn't found in the boundary data for position diputado de Argentina (Q18229570)
WARNING: the district Provincia de Córdoba (Q44759) wasn't found in the boundary data for position diputado de Argentina (Q18229570)
WARNING: the district Buenos Aires (Q44754) wasn't found in the boundary data for position diputado de Argentina (Q18229570)
WARNING: the district Provincia de Tierra del Fuego, Antártida e islas del Atlántico Sur (Q44832) wasn't found in the boundary data for position diputado de Argentina (Q18229570)
WARNING: the district Buenos Aires (Q44754) wasn't found in the boundary data for position diputado de Argentina (Q18229570)
WARNING: the district Provincia de Tierra del Fuego, Antártida e islas del Atlántico Sur (Q44832) wasn't found in the boundary data for position diputado de Argentina (Q18229570)
WARNING: the district Provincia de Corrientes (Q44758) wasn't found in the boundary data for position diputado de Argentina (Q18229570)
WARNING: the district Provincia de Tucumán (Q44829) wasn't found in the boundary data for position diputado de Argentina (Q18229570)
WARNING: the district Provincia de Santa Fe (Q44823) wasn't found in the boundary data for position diputado de Argentina (Q18229570)
WARNING: the district Buenos Aires (Q44754) wasn't found in the boundary data for position diputado de Argentina (Q18229570)
WARNING: the district Provincia de Jujuy (Q44764) wasn't found in the boundary data for position diputado de Argentina (Q18229570)
WARNING: the district Provincia de Tucumán (Q44829) wasn't found in the boundary data for position diputado de Argentina (Q18229570)
WARNING: the district Provincia de Río Negro (Q44802) wasn't found in the boundary data for position diputado de Argentina (Q18229570)
WARNING: the district Provincia del Chubut (Q45007) wasn't found in the boundary data for position diputado de Argentina (Q18229570)
WARNING: the district Buenos Aires (Q44754) wasn't found in the boundary data for position diputado de Argentina (Q18229570)
WARNING: the district Buenos Aires (Q44754) wasn't found in the boundary data for position diputado de Argentina (Q18229570)
WARNING: the district Buenos Aires (Q44754) wasn't found in the boundary data for position diputado de Argentina (Q18229570)
WARNING: the district Buenos Aires (Q1486) wasn't found in the boundary data for position diputado de Argentina (Q18229570)
WARNING: the district Provincia de Tucumán (Q44829) wasn't found in the boundary data for position diputado de Argentina (Q18229570)
WARNING: the district Buenos Aires (Q44754) wasn't found in the boundary data for position diputado de Argentina (Q18229570)
WARNING: the district Buenos Aires (Q1486) wasn't found in the boundary data for position diputado de Argentina (Q18229570)
WARNING: the district Provincia de Río Negro (Q44802) wasn't found in the boundary data for position diputado de Argentina (Q18229570)
WARNING: the district Buenos Aires (Q44754) wasn't found in the boundary data for position diputado de Argentina (Q18229570)
WARNING: the district Provincia de La Pampa (Q44795) wasn't found in the boundary data for position diputado de Argentina (Q18229570)
WARNING: the district Provincia de Santa Fe (Q44823) wasn't found in the boundary data for position diputado de Argentina (Q18229570)
WARNING: the district Buenos Aires (Q44754) wasn't found in the boundary data for position diputado de Argentina (Q18229570)
WARNING: the district Buenos Aires (Q1486) wasn't found in the boundary data for position diputado de Argentina (Q18229570)
WARNING: the district Buenos Aires (Q1486) wasn't found in the boundary data for position diputado de Argentina (Q18229570)
WARNING: the district Provincia de Córdoba (Q44759) wasn't found in the boundary data for position diputado de Argentina (Q18229570)
WARNING: the district Provincia de Catamarca (Q44756) wasn't found in the boundary data for position diputado de Argentina (Q18229570)
WARNING: the district Provincia de Catamarca (Q44756) wasn't found in the boundary data for position diputado de Argentina (Q18229570)
WARNING: the district Buenos Aires (Q1486) wasn't found in the boundary data for position diputado de Argentina (Q18229570)
WARNING: the district Provincia de Córdoba (Q44759) wasn't found in the boundary data for position diputado de Argentina (Q18229570)
WARNING: the district Buenos Aires (Q44754) wasn't found in the boundary data for position diputado de Argentina (Q18229570)
WARNING: the district Provincia de Santa Fe (Q44823) wasn't found in the boundary data for position diputado de Argentina (Q18229570)
WARNING: the district Buenos Aires (Q1486) wasn't found in the boundary data for position diputado de Argentina (Q18229570)
WARNING: the district Buenos Aires (Q44754) wasn't found in the boundary data for position diputado de Argentina (Q18229570)
WARNING: the district Provincia de Salta (Q44803) wasn't found in the boundary data for position diputado de Argentina (Q18229570)
WARNING: the district Buenos Aires (Q1486) wasn't found in the boundary data for position diputado de Argentina (Q18229570)
WARNING: the district Provincia de La Rioja (Q44796) wasn't found in the boundary data for position diputado de Argentina (Q18229570)
WARNING: the district Provincia de San Juan (Q44805) wasn't found in the boundary data for position diputado de Argentina (Q18229570)
WARNING: the district Provincia de La Pampa (Q44795) wasn't found in the boundary data for position diputado de Argentina (Q18229570)
WARNING: the district Provincia de Neuquén (Q44800) wasn't found in the boundary data for position diputado de Argentina (Q18229570)
WARNING: the district Mendoza (Q44797) wasn't found in the boundary data for position diputado de Argentina (Q18229570)
WARNING: the district Provincia de San Juan (Q44805) wasn't found in the boundary data for position diputado de Argentina (Q18229570)
WARNING: the district Provincia de Río Negro (Q44802) wasn't found in the boundary data for position diputado de Argentina (Q18229570)
WARNING: the district Entre Ríos (Q44762) wasn't found in the boundary data for position diputado de Argentina (Q18229570)
WARNING: the district Provincia de Córdoba (Q44759) wasn't found in the boundary data for position diputado de Argentina (Q18229570)
WARNING: the district Buenos Aires (Q44754) wasn't found in the boundary data for position diputado de Argentina (Q18229570)
WARNING: the district Provincia de Formosa (Q44761) wasn't found in the boundary data for position diputado de Argentina (Q18229570)
WARNING: the district Buenos Aires (Q1486) wasn't found in the boundary data for position diputado de Argentina (Q18229570)
WARNING: the district Buenos Aires (Q44754) wasn't found in the boundary data for position diputado de Argentina (Q18229570)
WARNING: the district Buenos Aires (Q44754) wasn't found in the boundary data for position diputado de Argentina (Q18229570)
WARNING: the district Buenos Aires (Q44754) wasn't found in the boundary data for position diputado de Argentina (Q18229570)
WARNING: the district Buenos Aires (Q44754) wasn't found in the boundary data for position diputado de Argentina (Q18229570)
WARNING: the district Buenos Aires (Q44754) wasn't found in the boundary data for position diputado de Argentina (Q18229570)
WARNING: the district Buenos Aires (Q44754) wasn't found in the boundary data for position diputado de Argentina (Q18229570)
WARNING: the district Buenos Aires (Q44754) wasn't found in the boundary data for position diputado de Argentina (Q18229570)
WARNING: the district Buenos Aires (Q44754) wasn't found in the boundary data for position diputado de Argentina (Q18229570)
WARNING: the district Buenos Aires (Q44754) wasn't found in the boundary data for position diputado de Argentina (Q18229570)
WARNING: the district Buenos Aires (Q44754) wasn't found in the boundary data for position diputado de Argentina (Q18229570)
WARNING: the district Buenos Aires (Q44754) wasn't found in the boundary data for position diputado de Argentina (Q18229570)
WARNING: the district Buenos Aires (Q44754) wasn't found in the boundary data for position diputado de Argentina (Q18229570)
WARNING: the district Buenos Aires (Q44754) wasn't found in the boundary data for position diputado de Argentina (Q18229570)
WARNING: the district Buenos Aires (Q44754) wasn't found in the boundary data for position diputado de Argentina (Q18229570)
WARNING: the district Buenos Aires (Q44754) wasn't found in the boundary data for position diputado de Argentina (Q18229570)
WARNING: the district Buenos Aires (Q44754) wasn't found in the boundary data for position diputado de Argentina (Q18229570)
WARNING: the district Buenos Aires (Q44754) wasn't found in the boundary data for position diputado de Argentina (Q18229570)
WARNING: the district Buenos Aires (Q44754) wasn't found in the boundary data for position diputado de Argentina (Q18229570)
WARNING: the district Buenos Aires (Q44754) wasn't found in the boundary data for position diputado de Argentina (Q18229570)
WARNING: the district Provincia de Catamarca (Q44756) wasn't found in the boundary data for position diputado de Argentina (Q18229570)
WARNING: the district Provincia de Catamarca (Q44756) wasn't found in the boundary data for position diputado de Argentina (Q18229570)
WARNING: the district Provincia del Chaco (Q44757) wasn't found in the boundary data for position diputado de Argentina (Q18229570)
WARNING: the district Provincia del Chaco (Q44757) wasn't found in the boundary data for position diputado de Argentina (Q18229570)
WARNING: the district Provincia del Chubut (Q45007) wasn't found in the boundary data for position diputado de Argentina (Q18229570)
WARNING: the district Buenos Aires (Q1486) wasn't found in the boundary data for position diputado de Argentina (Q18229570)
WARNING: the district Buenos Aires (Q1486) wasn't found in the boundary data for position diputado de Argentina (Q18229570)
WARNING: the district Provincia de Córdoba (Q44759) wasn't found in the boundary data for position diputado de Argentina (Q18229570)
WARNING: the district Provincia de Córdoba (Q44759) wasn't found in the boundary data for position diputado de Argentina (Q18229570)
WARNING: the district Provincia de Córdoba (Q44759) wasn't found in the boundary data for position diputado de Argentina (Q18229570)
WARNING: the district Provincia de Corrientes (Q44758) wasn't found in the boundary data for position diputado de Argentina (Q18229570)
WARNING: the district Provincia de Corrientes (Q44758) wasn't found in the boundary data for position diputado de Argentina (Q18229570)
WARNING: the district Provincia de Corrientes (Q44758) wasn't found in the boundary data for position diputado de Argentina (Q18229570)
WARNING: the district Entre Ríos (Q44762) wasn't found in the boundary data for position diputado de Argentina (Q18229570)
WARNING: the district Entre Ríos (Q44762) wasn't found in the boundary data for position diputado de Argentina (Q18229570)
WARNING: the district Entre Ríos (Q44762) wasn't found in the boundary data for position diputado de Argentina (Q18229570)
WARNING: the district Entre Ríos (Q44762) wasn't found in the boundary data for position diputado de Argentina (Q18229570)
WARNING: the district Provincia de Formosa (Q44761) wasn't found in the boundary data for position diputado de Argentina (Q18229570)
WARNING: the district Provincia de Jujuy (Q44764) wasn't found in the boundary data for position diputado de Argentina (Q18229570)
WARNING: the district Provincia de Jujuy (Q44764) wasn't found in the boundary data for position diputado de Argentina (Q18229570)
WARNING: the district Provincia de La Pampa (Q44795) wasn't found in the boundary data for position diputado de Argentina (Q18229570)
WARNING: the district Provincia de La Pampa (Q44795) wasn't found in the boundary data for position diputado de Argentina (Q18229570)
WARNING: the district Provincia de La Rioja (Q44796) wasn't found in the boundary data for position diputado de Argentina (Q18229570)
WARNING: the district Provincia de La Rioja (Q44796) wasn't found in the boundary data for position diputado de Argentina (Q18229570)
WARNING: the district Mendoza (Q44797) wasn't found in the boundary data for position diputado de Argentina (Q18229570)
WARNING: the district Mendoza (Q44797) wasn't found in the boundary data for position diputado de Argentina (Q18229570)
WARNING: the district Mendoza (Q44797) wasn't found in the boundary data for position diputado de Argentina (Q18229570)
WARNING: the district Mendoza (Q44797) wasn't found in the boundary data for position diputado de Argentina (Q18229570)
WARNING: the district Provincia de Misiones (Q44798) wasn't found in the boundary data for position diputado de Argentina (Q18229570)
WARNING: the district Provincia de Misiones (Q44798) wasn't found in the boundary data for position diputado de Argentina (Q18229570)
WARNING: the district Provincia de Neuquén (Q44800) wasn't found in the boundary data for position diputado de Argentina (Q18229570)
WARNING: the district Provincia de Neuquén (Q44800) wasn't found in the boundary data for position diputado de Argentina (Q18229570)
WARNING: the district Provincia de Río Negro (Q44802) wasn't found in the boundary data for position diputado de Argentina (Q18229570)
WARNING: the district Provincia de Salta (Q44803) wasn't found in the boundary data for position diputado de Argentina (Q18229570)
WARNING: the district Provincia de San Juan (Q44805) wasn't found in the boundary data for position diputado de Argentina (Q18229570)
WARNING: the district Provincia de San Luis (Q44818) wasn't found in the boundary data for position diputado de Argentina (Q18229570)
WARNING: the district Provincia de San Luis (Q44818) wasn't found in the boundary data for position diputado de Argentina (Q18229570)
WARNING: the district Provincia de Santa Cruz (Q44821) wasn't found in the boundary data for position diputado de Argentina (Q18229570)
WARNING: the district Provincia de Santa Cruz (Q44821) wasn't found in the boundary data for position diputado de Argentina (Q18229570)
WARNING: the district Provincia de Santa Cruz (Q44821) wasn't found in the boundary data for position diputado de Argentina (Q18229570)
WARNING: the district Provincia de Santa Fe (Q44823) wasn't found in the boundary data for position diputado de Argentina (Q18229570)
WARNING: the district Provincia de Santa Fe (Q44823) wasn't found in the boundary data for position diputado de Argentina (Q18229570)
WARNING: the district Provincia de Tucumán (Q44829) wasn't found in the boundary data for position diputado de Argentina (Q18229570)
WARNING: the district Provincia de Tucumán (Q44829) wasn't found in the boundary data for position diputado de Argentina (Q18229570)
WARNING: the district Provincia de Santa Fe (Q44823) wasn't found in the boundary data for position diputado de Argentina (Q18229570)
WARNING: the district Provincia de Santiago del Estero (Q44827) wasn't found in the boundary data for position diputado de Argentina (Q18229570)
WARNING: the district Buenos Aires (Q44754) wasn't found in the boundary data for position diputado de Argentina (Q18229570)
WARNING: the district Buenos Aires (Q44754) wasn't found in the boundary data for position diputado de Argentina (Q18229570)
WARNING: the district Provincia de Misiones (Q44798) wasn't found in the boundary data for position diputado de Argentina (Q18229570)
WARNING: the district Buenos Aires (Q44754) wasn't found in the boundary data for position diputado de Argentina (Q18229570)
WARNING: the district Buenos Aires (Q1486) wasn't found in the boundary data for position diputado de Argentina (Q18229570)
WARNING: the district Buenos Aires (Q44754) wasn't found in the boundary data for position diputado de Argentina (Q18229570)
WARNING: the district Buenos Aires (Q1486) wasn't found in the boundary data for position diputado de Argentina (Q18229570)
WARNING: the district Buenos Aires (Q1486) wasn't found in the boundary data for position diputado de Argentina (Q18229570)
WARNING: the district Mendoza (Q44797) wasn't found in the boundary data for position diputado de Argentina (Q18229570)
WARNING: the district Buenos Aires (Q1486) wasn't found in the boundary data for position diputado de Argentina (Q18229570)
WARNING: the district Provincia del Chubut (Q45007) wasn't found in the boundary data for position diputado de Argentina (Q18229570)
WARNING: the district Provincia de Santa Cruz (Q44821) wasn't found in the boundary data for position diputado de Argentina (Q18229570)
WARNING: the district Buenos Aires (Q44754) wasn't found in the boundary data for position diputado de Argentina (Q18229570)
WARNING: the district Provincia de Tucumán (Q44829) wasn't found in the boundary data for position diputado de Argentina (Q18229570)
WARNING: the district Buenos Aires (Q44754) wasn't found in the boundary data for position diputado de Argentina (Q18229570)
WARNING: the district Provincia de Santa Fe (Q44823) wasn't found in the boundary data for position diputado de Argentina (Q18229570)
WARNING: the district Buenos Aires (Q1486) wasn't found in the boundary data for position diputado de Argentina (Q18229570)
WARNING: the district Provincia del Chaco (Q44757) wasn't found in the boundary data for position diputado de Argentina (Q18229570)
WARNING: the district Provincia del Chaco (Q44757) wasn't found in the boundary data for position diputado de Argentina (Q18229570)
WARNING: the district Buenos Aires (Q44754) wasn't found in the boundary data for position diputado de Argentina (Q18229570)
WARNING: the district Buenos Aires (Q1486) wasn't found in the boundary data for position diputado de Argentina (Q18229570)
WARNING: the district Buenos Aires (Q1486) wasn't found in the boundary data for position diputado de Argentina (Q18229570)
WARNING: the district Buenos Aires (Q44754) wasn't found in the boundary data for position diputado de Argentina (Q18229570)
WARNING: the district Buenos Aires (Q44754) wasn't found in the boundary data for position diputado de Argentina (Q18229570)
WARNING: the district Buenos Aires (Q44754) wasn't found in the boundary data for position diputado de Argentina (Q18229570)
WARNING: the district Provincia de Santa Cruz (Q44821) wasn't found in the boundary data for position diputado de Argentina (Q18229570)
WARNING: the district Buenos Aires (Q1486) wasn't found in the boundary data for position diputado de Argentina (Q18229570)
WARNING: the district Buenos Aires (Q44754) wasn't found in the boundary data for position diputado de Argentina (Q18229570)
WARNING: the district Provincia de Formosa (Q44761) wasn't found in the boundary data for position diputado de Argentina (Q18229570)
WARNING: the district Provincia de Córdoba (Q44759) wasn't found in the boundary data for position diputado de Argentina (Q18229570)
WARNING: the district Provincia de Jujuy (Q44764) wasn't found in the boundary data for position diputado de Argentina (Q18229570)
WARNING: the district Buenos Aires (Q44754) wasn't found in the boundary data for position diputado de Argentina (Q18229570)
WARNING: the district Buenos Aires (Q44754) wasn't found in the boundary data for position diputado de Argentina (Q18229570)
WARNING: the district Buenos Aires (Q1486) wasn't found in the boundary data for position diputado de Argentina (Q18229570)
WARNING: the district Buenos Aires (Q44754) wasn't found in the boundary data for position diputado de Argentina (Q18229570)
